afghani
aaaaoayabtthghkhd
thrzsshsdtthaagh
fkklmnhoy
0123456789
w-u-ytttthbttbth
bh-hhnydyhchcchdddddtdhddhdd
drrrrrrrrzhrssssst
ghfffvfphqqkkkkngkg
gngggllllnnnnnhch
hyhhwoeoeuyuyuwvyyyw
yy-ae

0123456789shdghmh



