dollar-percent-and-plus
0123456789
at-abcdefghijklmno
pqrstuvwxyz
abcdefghijklmno
pqrstuvwxyz
avl-currency-lsss-sstzzz
degal-lsvsstz-zz
raaaalccceeeeiid
dnnooooxruuuuytss
raaaalccceeeeiid
dnnooooruuuuyt