dollar-percent-and-plus
0123456789
at-abcdefghijklmno
pqrstuvwxyz
abcdefghijklmno
pqrstuvwxyz
hv-pound-currency-hss-isgjz
degh23-uhisgj12z
aaaaccceeeeiiii
nooogoguuuuusss
aaaaccceeeeeiiii
nooogoguuuuus