dollar-percent-and-plus
0123456789
at-abcdefghijklmno
pqrstuvwxyz
abcdefghijklmno
pqrstuvwxyz
akr-currency-ilss-segtz
degar-ilvsegtngzng
aaaaaaaeiceeeeiii
dnokoooxouuuuuuss
aaaaaaaeiceeeeiii
dnokoooouuuuuu