sanskrit-kaaacan-shakanaomayatatauma-naopahainasatai-maaama
sanskrit-standard-transcription-kacam-saknomyattum-nopahinasti-mam
classical-greek-ualon-phaghein-dunamai-touto-ou-me-vlaptei
greek-monotonic-mporw-na-fao-spasmena-ghialia-khoris-na-patho-tipota
greek-polytonic-mporo-na-fao-spasmena-ghialia-khoris-na-patho-tipota
etruscan-needed
latin-vitrum-edere-possum-mihi-non-nocet
old-french-je-puis-mangier-del-voirre-ne-me-nuit
french-je-peux-manger-du-verre-ca-ne-me-fait-pas-mal
provencal-occitan-podi-manjar-de-veire-me-nafraria-pas
quebecois-jpeux-manger-dla-vitre-ca-mfa-pas-mal
walloon-dji-pou-magni-do-vere-coula-m-freut-nen-ma
champenois-needed
lorrain-needed
picard-chpeux-mingi-du-verre-cha-mfoe-mie-nma
corsicancorsu-needed
jerriais-needed
kreyol-ayisyen-haiti-mwen-kap-manje-ve-li-pa-blesem
basque-kristala-jan-dezaket-ez-dit-minik-ematen
catalan-catala-puc-menjar-vidre-que-no-em-fa-mal
spanish-puedo-comer-vidrio-no-me-hace-dano
aragones-puedo-minchar-beire-no-men-fa-mal
aranes-needed
mallorquin-needed
galician-eu-podo-xantar-cristais-e-non-cortarme
european-portuguese-posso-comer-vidro-nao-me-faz-mal
brazilian-portuguese-8-posso-comer-vidro-nao-me-machuca
caboverdianokabuverdianu-cape-verde-m-pode-cume-vidru-ca-ta-magua-m
papiamentu-ami-por-kome-glas-anto-e-no-ta-hasimi-dano
italian-posso-mangiare-il-vetro-e-non-mi-fa-male
milanese-son-bon-de-magna-el-veder-el-me-fa-minga-mal
roman-me-posso-magna-er-vetro-e-nun-me-fa-male
napoletano-m-pozz-magna-ovetr-e-nun-m-fa-mal
venetian-mi-posso-magnare-el-vetro-nol-me-fa-mae
zeneise-genovese-posso-mangia-o-veddro-e-o-no-me-fa-ma
sicilian-puotsu-mangiari-u-vitru-nun-mi-fa-mali
campinadese-sardinia-needed
lugudorese-sardinia-needed
romansch-grischun-jau-sai-mangiar-vaider-senza-che-quai-fa-donn-a-mai
romany-tsigane-needed
romanian-pot-sa-mananc-sticla-si-ea-nu-ma-raneste
esperanto-mi-povas-mangi-vitron-gi-ne-damagas-min
pictish-needed
breton-needed
cornish-my-a-yl-dybry-gweder-hag-ef-ny-wra-ow-ankenya
welsh-dw-in-gallu-bwyta-gwydr-dyw-e-ddim-yn-gwneud-dolur-i-mi
manx-gaelic-foddym-gee-glonney-agh-cha-jean-eh-gortaghey-mee
old-irish-ogham-coniccim-iti-nglano-nimgena
old-irish-latin-coniccim-ithi-nglano-nimgena
irish-is-feidir-liom-gloinne-a-ithe-ni-dheanann-si-dochar-ar-bith-dom
ulster-gaelic-ithim-sa-gloine-agus-ni-miste-damh-e
scottish-gaelic-s-urrainn-dhomh-gloinne-ithe-cha-ghoirtich-i-mi
anglo-saxon-runes-icmagglaseotacnondhitneheacrmiacthme
anglo-saxon-latin-ic-maeg-glaes-eotan-ond-hit-ne-hearmiad-me
middle-english-ich-canne-glas-eten-and-hit-hirtith-me-nouyt
english-i-can-eat-glass-and-it-doesnt-hurt-me
english-ipa-ai-kaen-it-glas-aend-it-daz-nat-het-mi-received-pronunciation
english-braille-i-can-eat-glass-and-it-doesnt-hurt-me
jamaican-mi-kian-niam-glas-han-i-neba-hot-mi
lalland-scots-doric-ah-can-eat-gless-it-disnae-hurt-us
glaswegian-needed
gothic-4
old-norse-runes-ek-get-eti-th-gler-mn-thess-ath-ve-rtha-sar
old-norse-latin-ek-get-etid-gler-an-thess-ad-verda-sar
norsk-norwegian-nynorsk-eg-kan-eta-glas-utan-a-skada-meg
norsk-norwegian-bokmal-jeg-kan-spise-glass-uten-a-skade-meg
foroyskt-faroese-eg-kann-eta-glas-skadaleysur
islenska-icelandic-eg-get-etid-gler-an-thess-ad-meida-mig
svenska-swedish-jag-kan-ata-glas-utan-att-skada-mig
dansk-danish-jeg-kan-spise-glas-det-gor-ikke-ondt-pa-mig
sonderjysk-ae-ka-aee-glass-uhen-at-det-go-mae-naue
frysk-frisian-ik-kin-gles-ite-it-docht-me-net-sear
nederlands-dutch-ik-kan-glas-eten-het-doet-mij-geen-kwaad
kirchroadsjbochesserplat-iech-ken-glaas-eese-mer-t-deet-miech-jing-pieng
afrikaans-ek-kan-glas-eet-maar-dit-doen-my-nie-skade-nie
letzebuergescht-luxemburgish-ech-kan-glas-iessen-daat-deet-mir-net-wei
deutsch-german-ich-kann-glas-essen-ohne-mir-zu-schaden
ruhrdeutsch-ich-kann-glas-verkasematuckeln-ohne-dattet-mich-wat-jucken-tut
langenfelder-platt-isch-kann-jlaas-kimmeln-uuhne-datt-mich-datt-weh-daad
lausitzer-mundart-lusatian-ich-koann-gloos-assn-und-doas-dudd-merr-ni-wii
odenwalderisch-iech-konn-glaasch-voschbachteln-ohne-dass-es-mir-ebbs-daun-doun-dud
sachsisch-saxon-sch-kann-glos-essn-ohne-dasssch-mer-wehtue
pfalzisch-isch-konn-glass-fresse-ohne-dasses-mer-ebbes-ausmache-dud
schwabisch-swabian-i-ka-glas-frassa-ond-des-macht-mr-nix
deutsch-voralberg-i-ka-glas-eassa-ohne-dass-mar-weh-tuat
bayrisch-bavarian-i-koh-glos-esa-und-es-duard-ma-ned-wei
allemannisch-i-kaun-gloos-essen-es-tuat-ma-ned-weh
schwyzerdutsch-zurich-ich-chan-glaas-asse-das-schadt-mir-nod
schwyzerdutsch-luzern-ech-cha-glas-asse-das-schadt-mer-ned
plautdietsch-needed
hungarian-meg-tudom-enni-az-uveget-nem-lesz-tole-bajom
suomi-finnish-voin-syoda-lasia-se-ei-vahingoita-minua
sami-northern-sahtan-borrat-lasa-dat-ii-leat-bavccas
erzian-mon-yarsan-sulikado-dy-zy-yan-e-iste-nze-a-uli
northern-karelian-mie-voin-syvva-lasie-ta-minla-ei-ole-kipie
southern-karelian-mina-voin-syvva-stoklua-dai-minule-ei-ole-kibie
vepsian-needed
votian-needed
livonian-needed
estonian-ma-voin-klaasi-suua-see-ei-tee-mulle-midagi
latvian-es-varu-est-stiklu-tas-man-nekaite
lithuanian-as-galiu-valgyti-stikla-ir-jis-manes-nezeidzia
old-prussian-needed
sorbian-wendish-needed
czech-mohu-jist-sklo-neublizi-mi
slovak-mozem-jest-sklo-nezrani-ma
polska-polish-moge-jesc-szklo-i-mi-nie-szkodzi
slovenian-lahko-jem-steklo-ne-da-bi-mi-skodovalo
croatian-ja-mogu-jesti-staklo-i-ne-boli-me
serbian-latin-ja-mogu-da-jedem-staklo
serbian-cyrillic-ja-mogu-da-jedem-staklo
macedonian-mozam-da-jadam-staklo-a-ne-me-steta
russian-ya-mogu-est-steklo-ono-mne-ne-vredit
belarusian-cyrillic-ya-magu-esci-sklo-yano-mne-ne-skodzic
belarusian-lacinka-ja-mahu-jesci-sklo-jano-mne-ne-skodzic
ukrainian-ya-mozu-yisti-sklo-i-vono-meni-ne-zaskodit
bulgarian-moga-da-yam-stklo-to-ne-mi-vredi
georgian-minas-vcham-da-ara-mtkiva
armenian-krnam-apaki-owtel-ew-intsi-anhangist-ch-ener
albanian-une-mund-te-ha-qelq-dhe-nuk-me-gjen-gje
turkish-cam-yiyebilirim-bana-zarari-dokunmaz
turkish-ottoman-gam-yyh-blorm-bnga-drr-tokonmz
bangla-bengali-aami-kaanc-khete-paari-taate-aamaar-kono-kssti-hyy-naa
marathi-maii-kaaaca-khaaauu-shakatao-malaa-tae-thaukhata-naaahaii
kannada-nnge-haani-aagde-naanu-gjnnu-tinbhudu
hindi-maain-kaaanca-khaaa-sakataaa-hauun-oura-maujhae-usasae-kaoii-caota-nahaiin-pahauncataii
tamil-naannn-knnnnaatti-caappittuveennn-atnnnaal-ennnkku-oru-keettum-vraatu
telugu-neenu-gaaju-tinglnu-mriyu-alaa-ceesinaa-naaku-eemi-ibbndi-leedu
sinhalese-mtt-viidu-rupee-kaaemtt-haekiyi-eyin-mtt-kisi-haaniyk-sidu-novee
urdu3-myn-kanch-kha-skta-hon-aor-mghy-tklyf-nhyn-hoty
pashto3-zh-shyshh-khorl-shm-hghh-ma-nh-khoroy
farsi-persian3-mn-my-toanm-bdoni-ahsas-drd-shyshh-bkhorm
arabic3-ana-kadr-aal-akl-alzgag-o-htha-la-yolmny
aramaic-needed
maltese-nista-niekol-il-hgieg-u-ma-jaghmilli-xejn
hebrew3-ny-ykvl-lkvl-zkvkyt-vzh-l-mzyq-ly
yiddish3-yk-q-n-sn-glaz-vn-s-tvt-myr-nysht-vi
judeo-arabic-needed
ladino-needed
g-z-needed
amharic-needed
twi-metumi-awe-tumpan-enye-me-hwee
hausa-latin-ina-iya-taunar-gilashi-kuma-in-gama-lafiya
hausa-ajami-2-aina-aia-taonar-ghilaashi-kuma-ain-ghamaa-laafiaa
yoruba4-mo-le-je-digi-ko-ni-pa-mi-lara
lingala-nakoki-koliya-biteni-bya-milungi-ekosala-ngai-mabe-te
kiswahili-naweza-kula-bilauri-na-sikunyui
malay-saya-boleh-makan-kaca-dan-ia-tidak-mencederakan-saya
tagalog-kaya-kong-kumain-nang-bubog-at-hindi-ako-masaktan
chamorro-sina-yo-chumocho-krestat-ti-ha-nalalamen-yo
fijian-au-rawa-ni-kana-iloilo-ia-au-sega-ni-vakacacani-kina
javanese-aku-isa-mangan-beling-tanpa-lara
burmese-kywntea-kywnm-myksanuingthny-lkyaeang-taikhuikmhu-myahipa-9
vietnamese-quoc-ngu-toi-co-the-an-thuy-tinh-ma-khong-hai-gi
vietnamese-nom-4-xie-shi-e-shui-jing-kong-hai-yi
khmer-khnyumqaacnyumknyckpaan-tooygmaanpnyhaar
lao-kh-nykineikwaidodnythiimnbmaidedayhkh-nyechb
thai-chankinkracchkaid-aetmanaimthamaihchanecchb
mongolian-cyrillic-bi-sil-ide-i-cadna-nadad-xortoi-bis
mongolian-classic-5-bi-sili-ideyu-chidana-nadur-qouradai-bisi
dzongkha-needed
nepali-ma-kaaanca-khaaana-sakachhauu-ra-malaaii-kaehai-naii-haunana
tibetan-shel-sgo-z-ns-ng-n-gi-m-red
chinese-wo-neng-tun-xia-bo-li-er-bu-shang-shen-ti
chinese-traditional-wo-neng-tun-xia-bo-li-er-bu-shang-shen-ti
taiwanese6-goa-e-tang-chiah-po-le-ma-be-tioh-siong
japanese-si-hagarasuwoshi-beraremasusorehasi-woshang-tukemasen
korean-naneun-yurireul-meogeul-su-isseoyo-geuraedo-apeuji-anhayo
bislama-mi-save-kakae-glas-hemi-no-save-katem-mi
hawaiian-hiki-ia-u-ke-ai-i-ke-aniani-a-ole-no-la-au-e-eha
marquesan-e-ko-ana-e-kai-i-te-karahi-mea-a-a-e-hauhau
inuktitut-10-alicoq-niriyaraangakko-soranngittonnaqtonga
chinook-jargon-naika-mekmek-kakshet-labutay-pi-weyk-ukuk-munk-sik-nay
navajo-tseso-yishaago-biinishghah-doo-doo-shil-neezgai-da
cherokee-and-cree-chickasaw-cree-micmac-ojibwa-lakota-nahuatl-quechua-aymara-and-other-american-languages-needed
garifuna-needed
gullah-needed
lojban-mi-kakne-le-nu-citka-le-blaci-ikui-le-se-goi-na-xrani-mi
nordicg-ljoer-ye-caudran-creneth-y-jor-cwran
