a-a-a-a-a-a-a-a-b-a-a-a-a-a
b-b-b-b-b-b-b-b-b-b-b-b-b-b
c-c-c-c-c-c-c-c-d-c-c-c-c-c
d-d-d-d-d-d-d-d-e-d-d-d-d-d
e-e-e-e-e-e-e-e-e-e-e-e-e-e
f-f-f-f-f-f-f-f-f-f-f-f-f-f
g-g-g-g-g-g-g-g-h-g-g-g-g-g
h-h-h-h-h-h-h-h-h-h-h-h-h-h
i-i-i-i-i-i-i-i-i-i-i-i-i-i
j-j-j-j-j-j-j-j-k-j-j-j-j-j
k-k-k-k-k-k-k-k-l-k-k-k-k-k
l-l-l-l-l-l-l-l-l-l-l-l-l-l
m-m-m-m-m-m-m-m-mark-m-m-m-m-m
n-n-n-n-n-n-n-n-o-n-n-n-n-n
o-o-o-o-o-o-o-o-p-o-o-o-o-o
p-p-p-p-p-p-p-p-q-p-p-p-p-p
q-q-q-q-q-q-q-q-r-q-q-q-q-q
r-r-r-r-r-r-r-r-r-r-r-r-r-r
s-s-s-s-s-s-s-s-t-s-s-s-s-s
t-t-t-t-t-t-t-t-u-t-t-t-t-t
u-u-u-u-u-u-u-u-v-u-u-u-u-u
v-v-v-v-v-v-v-v-w-v-v-v-v-v
w-w-w-w-w-w-w-w-x-w-w-w-w-w
x-x-x-x-x-x-x-x-y-x-x-x-x-x
y-y-y-y-y-y-y-y-z-y-y-y-y-y
z-z-z-z-z-z-z-z-z-z-z-z-z-z
a-a-a-a-a-a-a-a-a-a-a-a-a-a
b-b-b-b-b-b-b-b-b-b-b-b-b-b
c-c-c-c-c-c-c-c-c-c-c-c-c-c
d-d-d-d-d-d-d-d-d-d-d-d-d-d
e-e-e-e-e-e-e-e-e-e-e-e-e-e
f-f-f-f-f-f-f-f-f-f-f-f-f-f
g-g-g-g-g-g-g-g-g-g-g-g-g-g
h-h-h-h-h-h-h-h-h-h-h-h-h-h
i-i-i-i-i-i-i-i-i-i-i-i-i-i
j-j-j-j-j-j-j-j-j-j-j-j-j-j
k-k-k-k-k-k-k-k-k-k-k-k-k-k
l-l-l-l-l-l-l-l-l-l-l-l-l-l
m-m-m-m-m-m-m-m-m-m-m-m-m-m
n-n-n-n-n-n-n-n-n-n-n-n-n-n
o-o-o-o-o-o-o-o-o-o-o-o-o-o
p-p-p-p-p-p-p-p-p-p-p-p-p-p
q-q-q-q-q-q-q-q-q-q-q-q-q-q
r-r-r-r-r-r-r-r-r-r-r-r-r-r
s-s-s-s-s-s-s-s-s-s-s-s-s-s
t-t-t-t-t-t-t-t-t-t-t-t-t-t
u-u-u-u-u-u-u-u-u-u-u-u-u-u
v-v-v-v-v-v-v-v-v-v-v-v-v-v
w-w-w-w-w-w-w-w-w-w-w-w-w-w
x-x-x-x-x-x-x-x-x-x-x-x-x-x
y-y-y-y-y-y-y-y-y-y-y-y-y-y
z-z-z-z-z-z-z-z-z-z-z-z-z-z

abcdefghijklmnopqrstuvwxyz

abcdefghijklmnopqrstuvwxyz

abcdefghijklmnopqrstuvwxyz

abcdefghijklmnopqrstuvwxyz

abcdefghijklmnopqrstuvwxyz

abcdefghijklmnopqrstuvwxyz

abcdefghijklmnopqrstuvwxyz

abcdefghijklmnopqrstuvwxyz

abcdefghijklmnopqrstuvwxyz

abcdefghijklmnopqrstuvwxyz

abcdefghijklmnopqrstuvwxyz

abcdefghijklmnopqrstuvwxyz

abcdefghijklmnopqrstuvwxyz

a-b-c-d-e-f-g-h-i-j-k-l-m-n-o-p-q-r-s-t-u-v-w-x-y-z

abcdefghijklmnopqrstuvwxyz

abcdefghijklmnopqrstuvwxyz
